
> backend@1.0.0 test
> node --experimental-vm-modules ./node_modules/jest/bin/jest.js --runInBand

  console.log
    [dotenv@17.2.3] injecting env (0) from .env -- tip: ≡ƒöÉ prevent building .env in docker: https://dotenvx.com/prebuild

      at _log (node_modules/dotenv/lib/main.js:142:11)

  console.error
    Error: mailer down
        at Object.<anonymous> (C:\react\CMU-Torch\backend\tests\controllers\authController.test.js:134:36)
        at Promise.then.completed (C:\react\CMU-Torch\backend\node_modules\jest-circus\build\utils.js:298:28)
        at new Promise (<anonymous>)
        at callAsyncCircusFn (C:\react\CMU-Torch\backend\node_modules\jest-circus\build\utils.js:231:10)
        at _callCircusTest (C:\react\CMU-Torch\backend\node_modules\jest-circus\build\run.js:316:40)
        at _runTest (C:\react\CMU-Torch\backend\node_modules\jest-circus\build\run.js:252:3)
        at _runTestsForDescribeBlock (C:\react\CMU-Torch\backend\node_modules\jest-circus\build\run.js:126:9)
        at _runTestsForDescribeBlock (C:\react\CMU-Torch\backend\node_modules\jest-circus\build\run.js:121:9)
        at run (C:\react\CMU-Torch\backend\node_modules\jest-circus\build\run.js:71:3)
        at runAndTransformResultsToJestFormat (C:\react\CMU-Torch\backend\node_modules\jest-circus\build\legacy-code-todo-rewrite\jestAdapterInit.js:122:21)
        at jestAdapter (C:\react\CMU-Torch\backend\node_modules\jest-circus\build\legacy-code-todo-rewrite\jestAdapter.js:79:19)
        at runTestInternal (C:\react\CMU-Torch\backend\node_modules\jest-runner\build\runTest.js:367:16)
        at runTest (C:\react\CMU-Torch\backend\node_modules\jest-runner\build\runTest.js:444:34)

    [0m [90m 38 |[39m     [36mreturn[39m res[33m.[39mjson({ success[33m:[39m [36mtrue[39m[33m,[39m message[33m:[39m [32m"α╕¬α╣êα╕ç OTP α╣üα╕Ñα╣ëα╕º"[39m })[33m;[39m
     [90m 39 |[39m   } [36mcatch[39m (error) {
    [31m[1m>[22m[39m[90m 40 |[39m     console[33m.[39merror(error)[33m;[39m
     [90m    |[39m             [31m[1m^[22m[39m
     [90m 41 |[39m     [36mreturn[39m res[33m.[39mstatus([35m500[39m)[33m.[39mjson({ success[33m:[39m [36mfalse[39m })[33m;[39m
     [90m 42 |[39m   }
     [90m 43 |[39m }[33m;[39m[0m

      at Module.sendOtp (controllers/authController.js:40:13)
      at Object.<anonymous> (tests/controllers/authController.test.js:138:5)

  console.error
    SUPABASE INSERT ERROR: {
      message: 'duplicate key value violates unique constraint "User_username_key"'
    }

    [0m [90m 103 |[39m   [36mif[39m (error) {
     [90m 104 |[39m
    [31m[1m>[22m[39m[90m 105 |[39m     console[33m.[39merror([32m"SUPABASE INSERT ERROR:"[39m[33m,[39m error)[33m;[39m
     [90m     |[39m             [31m[1m^[22m[39m
     [90m 106 |[39m
     [90m 107 |[39m     [36mconst[39m isDuplicate [33m=[39m
     [90m 108 |[39m[0m

      at Module.register (controllers/authController.js:105:13)
      at Object.<anonymous> (tests/controllers/authController.test.js:253:5)

node.exe : (node:2984) ExperimentalWarning: VM Modules is an experimental feature and might change at any time
At C:\Program Files\nodejs\npm.ps1:29 char:3
+   & $NODE_EXE $NPM_CLI_JS $args
+   ~~~~~~~~~~~~~~~~~~~~~~~~~~~~~
    + CategoryInfo          : NotSpecified: ((node:2984) Exp...nge at any time:String) [], RemoteException
    + FullyQualifiedErrorId : NativeCommandError
 
(Use `node --trace-warnings ...` to show where the warning was created)
FAIL tests/controllers/authController.test.js
  Auth Controller - sendOtp
    ΓêÜ A1-1 rejects non-CMU email addresses (3 ms)
    ΓêÜ A1-2 sends OTP via nodemailer for valid CMU email (1 ms)
    ΓêÜ A1-3 handles transporter errors with 500 (7 ms)
    ΓêÜ A1-4 reuses email storing latest OTP code (1 ms)
  Auth Controller - verifyOtp
    ΓêÜ A2-1 rejects when OTP not requested (1 ms)
    ΓêÜ A2-2 rejects incorrect OTP codes
    ΓêÜ A2-3 rejects expired OTPs (1 ms)
    ΓêÜ A2-4 accepts correct, unexpired OTP
  Auth Controller - register
    ΓêÜ A3-1 rejects when required fields like password missing (1 ms)
    ΓêÜ A3-2 rejects when Supabase reports duplicate username (5 ms)
    ΓêÜ A3-3 rejects duplicate CMU email addresses (1 ms)
    ΓêÜ A3-4 registers new user successfully (1 ms)
  Auth Controller - login and profile
    ├ù A4-1 login with unknown username returns 401 (2 ms)
    ├ù A4-2 login with wrong password returns 401 (1 ms)
    ΓêÜ A4-3 login success returns token with username
    ΓêÜ A4-4 getMe returns profile when token valid (1 ms)
    ΓêÜ A4-5 getMe without Authorization header returns 401
    ΓêÜ A4-6 getMoodFood returns username, stack and mood from Supabase (1 ms)

  ΓùÅ Auth Controller - login and profile ΓÇ║ A4-1 login with unknown username returns 401

    expect(jest.fn()).toHaveBeenCalledWith(...expected)

    Expected: 401
    Received: 400

    Number of calls: 1

    [0m [90m 329 |[39m     )[33m;[39m
     [90m 330 |[39m
    [31m[1m>[22m[39m[90m 331 |[39m     
expect(res[33m.[39mstatus)[33m.[39mtoHaveBeenCalledWith([35m401[39m)[33m;[39m
     [90m     |[39m                        [31m[1m^[22m[39m
     [90m 332 |[39m   })[33m;[39m
     [90m 333 |[39m
     [90m 334 |[39m   test([32m"A4-2 login with wrong password returns 401"[39m[33m,[39m [36masync[39m () 
[33m=>[39m {[0m

      at Object.<anonymous> (tests/controllers/authController.test.js:331:24)

  ΓùÅ Auth Controller - login and profile ΓÇ║ A4-2 login with wrong password returns 401

    expect(jest.fn()).toHaveBeenCalledWith(...expected)

    Expected: 401
    Received: 400

    Number of calls: 1

    [0m [90m 344 |[39m     )[33m;[39m
     [90m 345 |[39m
    [31m[1m>[22m[39m[90m 346 |[39m     
expect(res[33m.[39mstatus)[33m.[39mtoHaveBeenCalledWith([35m401[39m)[33m;[39m
     [90m     |[39m                        [31m[1m^[22m[39m
     [90m 347 |[39m   })[33m;[39m
     [90m 348 |[39m
     [90m 349 |[39m   test([32m"A4-3 login success returns token with username"[39m[33m,[39m [36masync[39m () 
[33m=>[39m {[0m

      at Object.<anonymous> (tests/controllers/authController.test.js:346:24)

  console.error
    Γ¥î Scan error: TypeError: Cannot read properties of undefined (reading 'path')
        at Module.scanFood (C:\react\CMU-Torch\backend\controllers\scanController.js:9:30)
        at Object.<anonymous> (C:\react\CMU-Torch\backend\tests\controllers\scanController.test.js:39:26)
        at Promise.then.completed (C:\react\CMU-Torch\backend\node_modules\jest-circus\build\utils.js:298:28)
        at new Promise (<anonymous>)
        at callAsyncCircusFn (C:\react\CMU-Torch\backend\node_modules\jest-circus\build\utils.js:231:10)
        at _callCircusTest (C:\react\CMU-Torch\backend\node_modules\jest-circus\build\run.js:316:40)
        at _runTest (C:\react\CMU-Torch\backend\node_modules\jest-circus\build\run.js:252:3)
        at _runTestsForDescribeBlock (C:\react\CMU-Torch\backend\node_modules\jest-circus\build\run.js:126:9)
        at _runTestsForDescribeBlock (C:\react\CMU-Torch\backend\node_modules\jest-circus\build\run.js:121:9)
        at run (C:\react\CMU-Torch\backend\node_modules\jest-circus\build\run.js:71:3)
        at runAndTransformResultsToJestFormat (C:\react\CMU-Torch\backend\node_modules\jest-circus\build\legacy-code-todo-rewrite\jestAdapterInit.js:122:21)
        at jestAdapter (C:\react\CMU-Torch\backend\node_modules\jest-circus\build\legacy-code-todo-rewrite\jestAdapter.js:79:19)
        at runTestInternal (C:\react\CMU-Torch\backend\node_modules\jest-runner\build\runTest.js:367:16)
        at runTest (C:\react\CMU-Torch\backend\node_modules\jest-runner\build\runTest.js:444:34)

    [0m [90m 44 |[39m
     [90m 45 |[39m   } [36mcatch[39m (err) {
    [31m[1m>[22m[39m[90m 46 |[39m     console[33m.[39merror([32m"Γ¥î Scan error:"[39m[33m,[39m err[33m.[39mresponse[33m?[39m[33m.[39mdata [33m||[39m err)[33m;[39m
     [90m    |[39m             [31m[1m^[22m[39m
     [90m 47 |[39m     [36mreturn[39m res[33m.[39mstatus([35m500[39m)[33m.[39mjson({ success[33m:[39m [36mfalse[39m[33m,[39m message[33m:[39m [32m"Scan failed"[39m })[33m;[39m
     [90m 48 |[39m   }
     [90m 49 |[39m }[33m;[39m[0m

      at Module.scanFood (controllers/scanController.js:46:13)
      at Object.<anonymous> (tests/controllers/scanController.test.js:39:26)

  console.log
    ≡ƒô╕ Received image: /tmp/food.jpg

      at Module.scanFood (controllers/scanController.js:10:13)

  console.log
    ≡ƒº¼ Base64 length: 10

      at Module.scanFood (controllers/scanController.js:14:13)

  console.error
    Γ¥î Scan error: { message: 'RF error' }

    [0m [90m 44 |[39m
     [90m 45 |[39m   } [36mcatch[39m (err) {
    [31m[1m>[22m[39m[90m 46 |[39m     console[33m.[39merror([32m"Γ¥î Scan error:"[39m[33m,[39m err[33m.[39mresponse[33m?[39m[33m.[39mdata [33m||[39m err)[33m;[39m
     [90m    |[39m             [31m[1m^[22m[39m
     [90m 47 |[39m     [36mreturn[39m res[33m.[39mstatus([35m500[39m)[33m.[39mjson({ success[33m:[39m [36mfalse[39m[33m,[39m message[33m:[39m [32m"Scan failed"[39m })[33m;[39m
     [90m 48 |[39m   }
     [90m 49 |[39m }[33m;[39m[0m

      at Module.scanFood (controllers/scanController.js:46:13)
      at Object.<anonymous> (tests/controllers/scanController.test.js:48:5)

  console.log
    ≡ƒô╕ Received image: /tmp/pic.jpg

      at Module.scanFood (controllers/scanController.js:10:13)

  console.log
    ≡ƒº¼ Base64 length: 10

      at Module.scanFood (controllers/scanController.js:14:13)

  console.log
    ≡ƒôÑ Roboflow Raw Response: {
      "outputs": [
        {
          "predictions": [
            {
              "class": "rice"
            },
            {
              "class": "salad"
            }
          ]
        }
      ]
    }

      at Module.scanFood (controllers/scanController.js:30:13)

  console.log
    ≡ƒô╕ Received image: /tmp/to-delete.jpg

      at Module.scanFood (controllers/scanController.js:10:13)

  console.log
    ≡ƒº¼ Base64 length: 4

      at Module.scanFood (controllers/scanController.js:14:13)

  console.log
    ≡ƒôÑ Roboflow Raw Response: {
      "outputs": [
        {
          "predictions": []
        }
      ]
    }

      at Module.scanFood (controllers/scanController.js:30:13)

  console.log
    ≡ƒô╕ Received image: /tmp/error.jpg

      at Module.scanFood (controllers/scanController.js:10:13)

  console.error
    Γ¥î Scan error: Error: fs broken
        at Object.<anonymous> (C:\react\CMU-Torch\backend\tests\controllers\scanController.test.js:93:13)
        at C:\react\CMU-Torch\backend\node_modules\jest-mock\build\index.js:397:39
        at Object.<anonymous> (C:\react\CMU-Torch\backend\node_modules\jest-mock\build\index.js:404:13)
        at Object.mockConstructor [as readFileSync] (C:\react\CMU-Torch\backend\node_modules\jest-mock\build\index.js:148:19)
        at Module.scanFood (C:\react\CMU-Torch\backend\controllers\scanController.js:13:28)
        at Object.<anonymous> (C:\react\CMU-Torch\backend\tests\controllers\scanController.test.js:97:26)
        at Promise.then.completed (C:\react\CMU-Torch\backend\node_modules\jest-circus\build\utils.js:298:28)
        at new Promise (<anonymous>)
        at callAsyncCircusFn (C:\react\CMU-Torch\backend\node_modules\jest-circus\build\utils.js:231:10)
        at _callCircusTest (C:\react\CMU-Torch\backend\node_modules\jest-circus\build\run.js:316:40)
        at _runTest (C:\react\CMU-Torch\backend\node_modules\jest-circus\build\run.js:252:3)
        at _runTestsForDescribeBlock (C:\react\CMU-Torch\backend\node_modules\jest-circus\build\run.js:126:9)
        at _runTestsForDescribeBlock (C:\react\CMU-Torch\backend\node_modules\jest-circus\build\run.js:121:9)
        at run (C:\react\CMU-Torch\backend\node_modules\jest-circus\build\run.js:71:3)
        at runAndTransformResultsToJestFormat (C:\react\CMU-Torch\backend\node_modules\jest-circus\build\legacy-code-todo-rewrite\jestAdapterInit.js:122:21)
        at jestAdapter (C:\react\CMU-Torch\backend\node_modules\jest-circus\build\legacy-code-todo-rewrite\jestAdapter.js:79:19)
        at runTestInternal (C:\react\CMU-Torch\backend\node_modules\jest-runner\build\runTest.js:367:16)
        at runTest (C:\react\CMU-Torch\backend\node_modules\jest-runner\build\runTest.js:444:34)

    [0m [90m 44 |[39m
     [90m 45 |[39m   } [36mcatch[39m (err) {
    [31m[1m>[22m[39m[90m 46 |[39m     console[33m.[39merror([32m"Γ¥î Scan error:"[39m[33m,[39m err[33m.[39mresponse[33m?[39m[33m.[39mdata [33m||[39m err)[33m;[39m
     [90m    |[39m             [31m[1m^[22m[39m
     [90m 47 |[39m     [36mreturn[39m res[33m.[39mstatus([35m500[39m)[33m.[39mjson({ success[33m:[39m [36mfalse[39m[33m,[39m message[33m:[39m [32m"Scan failed"[39m })[33m;[39m
     [90m 48 |[39m   }
     [90m 49 |[39m }[33m;[39m[0m

      at Module.scanFood (controllers/scanController.js:46:13)
      at Object.<anonymous> (tests/controllers/scanController.test.js:97:26)

PASS tests/controllers/scanController.test.js
  Scan Controller - scanFood
    ΓêÜ S1 returns 500 when file missing under current logic (12 ms)
    ΓêÜ S2 surfaces Roboflow API errors (6 ms)
    ΓêÜ S3 returns predicted class names when scan succeeds (5 ms)
    ΓêÜ S4 deletes temporary file after successful scan (3 ms)
    ΓêÜ S5 handles fs.readFileSync errors with 500 (4 ms)

  console.error
    JWT Error: Error: invalid
        at Object.<anonymous> (C:\react\CMU-Torch\backend\tests\controllers\exerciseController.test.js:74:13)
        at C:\react\CMU-Torch\backend\node_modules\jest-mock\build\index.js:397:39
        at Object.<anonymous> (C:\react\CMU-Torch\backend\node_modules\jest-mock\build\index.js:404:13)
        at Object.mockConstructor [as verify] (C:\react\CMU-Torch\backend\node_modules\jest-mock\build\index.js:148:19)
        at Module.completeExercise (C:\react\CMU-Torch\backend\controllers\exerciseController.js:18:17)
        at Object.<anonymous> (C:\react\CMU-Torch\backend\tests\controllers\exerciseController.test.js:78:30)
        at Promise.then.completed (C:\react\CMU-Torch\backend\node_modules\jest-circus\build\utils.js:298:28)
        at new Promise (<anonymous>)
        at callAsyncCircusFn (C:\react\CMU-Torch\backend\node_modules\jest-circus\build\utils.js:231:10)
        at _callCircusTest (C:\react\CMU-Torch\backend\node_modules\jest-circus\build\run.js:316:40)
        at _runTest (C:\react\CMU-Torch\backend\node_modules\jest-circus\build\run.js:252:3)
        at _runTestsForDescribeBlock (C:\react\CMU-Torch\backend\node_modules\jest-circus\build\run.js:126:9)
        at _runTestsForDescribeBlock (C:\react\CMU-Torch\backend\node_modules\jest-circus\build\run.js:121:9)
        at run (C:\react\CMU-Torch\backend\node_modules\jest-circus\build\run.js:71:3)
        at runAndTransformResultsToJestFormat (C:\react\CMU-Torch\backend\node_modules\jest-circus\build\legacy-code-todo-rewrite\jestAdapterInit.js:122:21)
        at jestAdapter (C:\react\CMU-Torch\backend\node_modules\jest-circus\build\legacy-code-todo-rewrite\jestAdapter.js:79:19)
        at runTestInternal (C:\react\CMU-Torch\backend\node_modules\jest-runner\build\runTest.js:367:16)
        at runTest (C:\react\CMU-Torch\backend\node_modules\jest-runner\build\runTest.js:444:34)

    [0m [90m 18 |[39m   decoded [33m=[39m jwt[33m.[39mverify(token[33m,[39m process[33m.[39menv[33m.[39m[33mJWT_SECRET[39m)[33m;[39m
     [90m 19 |[39m } [36mcatch[39m (err) {
    [31m[1m>[22m[39m[90m 20 |[39m   console[33m.[39merror([32m"JWT Error:"[39m[33m,[39m err)[33m;[39m
     [90m    |[39m           [31m[1m^[22m[39m
     [90m 21 |[39m   [36mreturn[39m res[33m.[39mstatus([35m401[39m)[33m.[39mjson({ success[33m:[39m [36mfalse[39m[33m,[39m message[33m:[39m [32m"Invalid token"[39m })[33m;[39m
     [90m 22 |[39m }
     [90m 23 |[39m[0m

      at Module.completeExercise (controllers/exerciseController.js:20:11)
      at Object.<anonymous> (tests/controllers/exerciseController.test.js:78:30)

  console.error
    Supabase Query Error: { message: 'db error' }

    [0m [90m 68 |[39m
     [90m 69 |[39m         [36mif[39m (error) {
    [31m[1m>[22m[39m[90m 70 |[39m             console[33m.[39merror([32m'Supabase Query Error:'[39m[33m,[39m error)[33m;[39m
     [90m    |[39m                     [31m[1m^[22m[39m
     [90m 71 |[39m             [90m// α╕òα╕úα╕ºα╕êα╕¬α╕¡α╕Ü Error Code α╣üα╕Ñα╕░α╕¬α╣êα╕ç Response α╕üα╕Ñα╕▒α╕Üα╣äα╕¢[39m
     [90m 72 |[39m             [36mreturn[39m res[33m.[39mstatus([35m500[39m)[33m.[39mjson({ 
     [90m 73 |[39m                 message[33m:[39m [32m"Failed to query Supabase database."[39m[33m,[39m [0m

      at Module.getExerciseList (controllers/exerciseController.js:70:21)
      at Object.<anonymous> (tests/controllers/exerciseController.test.js:159:5)

  console.error
    Supabase Error fetching exercises: db down

    [0m [90m 124 |[39m
     [90m 125 |[39m         [36mif[39m (error) {
    [31m[1m>[22m[39m[90m 126 |[39m             console[33m.[39merror([32m"Supabase Error fetching exercises:"[39m[33m,[39m error[33m.[39mmessage)[33m;[39m
     [90m     |[39m                     [31m[1m^[22m[39m
     [90m 127 |[39m             [36mreturn[39m res[33m.[39mstatus([35m500[39m)[33m.[39mjson({ 
     [90m 128 |[39m                 success[33m:[39m [36mfalse[39m[33m,[39m 
     [90m 129 |[39m                 message[33m:[39m [32m"Failed to fetch exercise items."[39m[33m,[39m [0m

      at Module.getExercise (controllers/exerciseController.js:126:21)
      at Object.<anonymous> (tests/controllers/exerciseController.test.js:199:5)

PASS tests/controllers/exerciseController.test.js
  Exercise Controller - completeExercise
    ΓêÜ E1-1 missing auth header returns 401 with message (3 ms)
    ΓêÜ E1-2 invalid JWT returns 401 (8 ms)
    ΓêÜ E1-3 user not found returns 404
    ΓêÜ E1-4 first exercise of day creates new log and increments count (5 ms)
    ΓêÜ E1-5 repeat exercise same day increases count instead of new date (1 ms)
  Exercise Controller - getExerciseList
    ΓêÜ E2-1 Supabase error returns 500 (4 ms)
    ΓêÜ E2-2 returns normalized exercise list (1 ms)
    ΓêÜ E2-3 returns empty array when Supabase data null
  Exercise Controller - getExercise
    ΓêÜ E3-1 missing mood query returns 400 (1 ms)
    ΓêÜ E3-2 surfaces Supabase errors (12 ms)
    ΓêÜ E3-3 returns empty list with message when no matches (1 ms)
    ΓêÜ E3-4 returns up to 5 mapped exercises for matching mood (1 ms)

  console.error
    JWT Error: Error: invalid
        at Object.<anonymous> (C:\react\CMU-Torch\backend\tests\controllers\foodController.test.js:76:13)
        at C:\react\CMU-Torch\backend\node_modules\jest-mock\build\index.js:397:39
        at Object.<anonymous> (C:\react\CMU-Torch\backend\node_modules\jest-mock\build\index.js:404:13)
        at Object.mockConstructor [as verify] (C:\react\CMU-Torch\backend\node_modules\jest-mock\build\index.js:148:19)
        at Module.completeFood (C:\react\CMU-Torch\backend\controllers\foodController.js:12:21)
        at Object.<anonymous> (C:\react\CMU-Torch\backend\tests\controllers\foodController.test.js:79:26)
        at Promise.then.completed (C:\react\CMU-Torch\backend\node_modules\jest-circus\build\utils.js:298:28)
        at new Promise (<anonymous>)
        at callAsyncCircusFn (C:\react\CMU-Torch\backend\node_modules\jest-circus\build\utils.js:231:10)
        at _callCircusTest (C:\react\CMU-Torch\backend\node_modules\jest-circus\build\run.js:316:40)
        at _runTest (C:\react\CMU-Torch\backend\node_modules\jest-circus\build\run.js:252:3)
        at _runTestsForDescribeBlock (C:\react\CMU-Torch\backend\node_modules\jest-circus\build\run.js:126:9)
        at _runTestsForDescribeBlock (C:\react\CMU-Torch\backend\node_modules\jest-circus\build\run.js:121:9)
        at run (C:\react\CMU-Torch\backend\node_modules\jest-circus\build\run.js:71:3)
        at runAndTransformResultsToJestFormat (C:\react\CMU-Torch\backend\node_modules\jest-circus\build\legacy-code-todo-rewrite\jestAdapterInit.js:122:21)
        at jestAdapter (C:\react\CMU-Torch\backend\node_modules\jest-circus\build\legacy-code-todo-rewrite\jestAdapter.js:79:19)
        at runTestInternal (C:\react\CMU-Torch\backend\node_modules\jest-runner\build\runTest.js:367:16)
        at runTest (C:\react\CMU-Torch\backend\node_modules\jest-runner\build\runTest.js:444:34)

    [0m [90m 12 |[39m       decoded [33m=[39m jwt[33m.[39mverify(token[33m,[39m process[33m.[39menv[33m.[39m[33mJWT_SECRET[39m)[33m;[39m
     [90m 13 |[39m     } [36mcatch[39m (error) {
    [31m[1m>[22m[39m[90m 14 |[39m       console[33m.[39merror([32m"JWT Error:"[39m[33m,[39m error)[33m;[39m
     [90m    |[39m               [31m[1m^[22m[39m
     [90m 15 |[39m       [36mreturn[39m res[33m.[39mstatus([35m401[39m)[33m.[39mjson({ success[33m:[39m [36mfalse[39m })[33m;[39m
     [90m 16 |[39m     }
     [90m 17 |[39m[0m

      at Module.completeFood (controllers/foodController.js:14:15)
      at Object.<anonymous> (tests/controllers/foodController.test.js:79:26)

  console.error
    Supabase Error fetching food items: db down

    [0m [90m 66 |[39m
     [90m 67 |[39m     [36mif[39m (error) {
    [31m[1m>[22m[39m[90m 68 |[39m       console[33m.[39merror([32m"Supabase Error fetching food items:"[39m[33m,[39m error[33m.[39mmessage)[33m;[39m
     [90m    |[39m               [31m[1m^[22m[39m
     [90m 69 |[39m       [36mreturn[39m res[33m.[39mstatus([35m500[39m)[33m.[39mjson({ 
     [90m 70 |[39m         success[33m:[39m [36mfalse[39m[33m,[39m 
     [90m 71 |[39m         message[33m:[39m [32m"Failed to fetch food items."[39m[33m,[39m [0m

      at Module.getFood (controllers/foodController.js:68:15)
      at Object.<anonymous> (tests/controllers/foodController.test.js:137:5)

PASS tests/controllers/foodController.test.js
  Food Controller - completeFood
    ΓêÜ F1-1 missing Authorization header returns 401 (5 ms)
    ΓêÜ F1-2 invalid JWT produces 401 (9 ms)
    ΓêÜ F1-3 responds 404 when Supabase has no user (1 ms)
    ΓêÜ F1-4 first completion of day creates new stack entry (2 ms)
  Food Controller - getFood
    ΓêÜ F2-1 missing mood query results in 400 (1 ms)
    ΓêÜ F2-2 surfaces Supabase errors (10 ms)
    ΓêÜ F2-3 returns foods filtered by mood tag (1 ms)
  Food Controller - getFoodList mapping
    ΓêÜ F3-1 maps goal increase to α╣Çα╕₧α╕┤α╣êα╕íα╕Öα╣ëα╕│α╕½α╕Öα╕▒α╕ü tag (2 ms)
    ΓêÜ F3-2 maps goal decrease to α╕Ñα╕öα╕Öα╣ëα╕│α╕½α╕Öα╕▒α╕ü tag (2 ms)
    ΓêÜ F3-3 defaults unknown goal to α╕ùα╕▒α╣êα╕ºα╣äα╕¢ tag (1 ms)

  console.error
    JWT Error: Error: invalid token
        at Object.<anonymous> (C:\react\CMU-Torch\backend\tests\controllers\moodController.test.js:62:13)
        at C:\react\CMU-Torch\backend\node_modules\jest-mock\build\index.js:397:39
        at Object.<anonymous> (C:\react\CMU-Torch\backend\node_modules\jest-mock\build\index.js:404:13)
        at Object.mockConstructor [as verify] (C:\react\CMU-Torch\backend\node_modules\jest-mock\build\index.js:148:19)
        at Module.updateMood (C:\react\CMU-Torch\backend\controllers\moodController.js:12:21)
        at Object.<anonymous> (C:\react\CMU-Torch\backend\tests\controllers\moodController.test.js:66:26)
        at Promise.then.completed (C:\react\CMU-Torch\backend\node_modules\jest-circus\build\utils.js:298:28)
        at new Promise (<anonymous>)
        at callAsyncCircusFn (C:\react\CMU-Torch\backend\node_modules\jest-circus\build\utils.js:231:10)
        at _callCircusTest (C:\react\CMU-Torch\backend\node_modules\jest-circus\build\run.js:316:40)
        at _runTest (C:\react\CMU-Torch\backend\node_modules\jest-circus\build\run.js:252:3)
        at _runTestsForDescribeBlock (C:\react\CMU-Torch\backend\node_modules\jest-circus\build\run.js:126:9)
        at _runTestsForDescribeBlock (C:\react\CMU-Torch\backend\node_modules\jest-circus\build\run.js:121:9)
        at run (C:\react\CMU-Torch\backend\node_modules\jest-circus\build\run.js:71:3)
        at runAndTransformResultsToJestFormat (C:\react\CMU-Torch\backend\node_modules\jest-circus\build\legacy-code-todo-rewrite\jestAdapterInit.js:122:21)
        at jestAdapter (C:\react\CMU-Torch\backend\node_modules\jest-circus\build\legacy-code-todo-rewrite\jestAdapter.js:79:19)
        at runTestInternal (C:\react\CMU-Torch\backend\node_modules\jest-runner\build\runTest.js:367:16)
        at runTest (C:\react\CMU-Torch\backend\node_modules\jest-runner\build\runTest.js:444:34)

    [0m [90m 12 |[39m       decoded [33m=[39m jwt[33m.[39mverify(token[33m,[39m process[33m.[39menv[33m.[39m[33mJWT_SECRET[39m)[33m;[39m
     [90m 13 |[39m     } [36mcatch[39m (error) {
    [31m[1m>[22m[39m[90m 14 |[39m       console[33m.[39merror([32m"JWT Error:"[39m[33m,[39m error)[33m;[39m
     [90m    |[39m               [31m[1m^[22m[39m
     [90m 15 |[39m       [36mreturn[39m res[33m.[39mstatus([35m401[39m)[33m.[39mjson({ success[33m:[39m [36mfalse[39m })[33m;[39m
     [90m 16 |[39m     }
     [90m 17 |[39m[0m

      at Module.updateMood (controllers/moodController.js:14:15)
      at Object.<anonymous> (tests/controllers/moodController.test.js:66:26)

PASS tests/controllers/moodController.test.js
  Mood Controller - updateMood
    ΓêÜ M1 missing Authorization header returns 401 (2 ms)
    ΓêÜ M2 invalid JWT results in 401 (6 ms)
    ΓêÜ M3 returns 404 when user not found in Supabase (1 ms)
    ΓêÜ M4 resets todayMoods when lastMoodDate differs from today (1 ms)
    ΓêÜ M5 appends mood when already logged today (1 ms)
    ΓêÜ M6 stores average of todayMoods (1 ms)
    ΓêÜ M7 returns successful payload when update succeeds

Test Suites: 1 failed, 4 passed, 5 total
Tests:       2 failed, 50 passed, 52 total
Snapshots:   0 total
Time:        1.494 s
Ran all test suites.
